// Jest Snapshot v1, https://goo.gl/fbAQLP

exports[`Disabllow selectors that are not used in a flow-typed JSX file 1`] = `
Object {
  "deprecations": Array [],
  "errored": true,
  "invalidOptionWarnings": Array [],
  "parseErrors": Array [],
  "warnings": Array [
    Object {
      "column": 1,
      "line": 22,
      "rule": "plugin/no-unused-selectors",
      "severity": "error",
      "text": ".not-found is defined but doesn't match any elements in test.jsx. (plugin/no-unused-selectors)",
    },
  ],
}
`;
